.L0:
	pushl	-1
	pushi	2
	div
	storel	-1
	mvsp	1
	pushl	-1
	pushi	0
	gt
	jt	.L0
